// Jest Snapshot v1, https://goo.gl/fbAQLP

exports[`Test the App.test components renders the App correctly 1`] = `
Object {
  "asFragment": [Function],
  "baseElement": <body>
    <div>
      <div
        class="App"
      >
        <header>
          <nav>
            <ul>
              <li>
                <a
                  aria-current="page"
                  class="active"
                  href="#/"
                >
                  Home
                </a>
              </li>
              <li>
                <a
                  class=""
                  href="#/reservations"
                >
                  My Reservations
                </a>
              </li>
              <li>
                <a
                  class=""
                  href="#/reservations/add"
                >
                  Reserve Green
                </a>
              </li>
              <li>
                <a
                  class=""
                  href="#/new"
                >
                  New Green
                </a>
              </li>
              <li>
                <a
                  class=""
                  href="#/delete"
                >
                  Delete Green
                </a>
              </li>
              <li>
                <a
                  aria-current="page"
                  class="active"
                  href="#/"
                >
                  Log Out
                </a>
              </li>
            </ul>
          </nav>
        </header>
        <h1>
           
          Hello,
           
          Roberto
          !
           
        </h1>
        <div
          class="react-multi-carousel-list  carousel-container"
          dir="ltr"
        >
          <ul
            class="react-multi-carousel-track "
            style="transition: none; overflow: unset; transform: translate3d(0px,0,0);"
          />
        </div>
      </div>
    </div>
  </body>,
  "container": <div>
    <div
      class="App"
    >
      <header>
        <nav>
          <ul>
            <li>
              <a
                aria-current="page"
                class="active"
                href="#/"
              >
                Home
              </a>
            </li>
            <li>
              <a
                class=""
                href="#/reservations"
              >
                My Reservations
              </a>
            </li>
            <li>
              <a
                class=""
                href="#/reservations/add"
              >
                Reserve Green
              </a>
            </li>
            <li>
              <a
                class=""
                href="#/new"
              >
                New Green
              </a>
            </li>
            <li>
              <a
                class=""
                href="#/delete"
              >
                Delete Green
              </a>
            </li>
            <li>
              <a
                aria-current="page"
                class="active"
                href="#/"
              >
                Log Out
              </a>
            </li>
          </ul>
        </nav>
      </header>
      <h1>
         
        Hello,
         
        Roberto
        !
         
      </h1>
      <div
        class="react-multi-carousel-list  carousel-container"
        dir="ltr"
      >
        <ul
          class="react-multi-carousel-track "
          style="transition: none; overflow: unset; transform: translate3d(0px,0,0);"
        />
      </div>
    </div>
  </div>,
  "debug": [Function],
  "findAllByAltText": [Function],
  "findAllByDisplayValue": [Function],
  "findAllByLabelText": [Function],
  "findAllByPlaceholderText": [Function],
  "findAllByRole": [Function],
  "findAllByTestId": [Function],
  "findAllByText": [Function],
  "findAllByTitle": [Function],
  "findByAltText": [Function],
  "findByDisplayValue": [Function],
  "findByLabelText": [Function],
  "findByPlaceholderText": [Function],
  "findByRole": [Function],
  "findByTestId": [Function],
  "findByText": [Function],
  "findByTitle": [Function],
  "getAllByAltText": [Function],
  "getAllByDisplayValue": [Function],
  "getAllByLabelText": [Function],
  "getAllByPlaceholderText": [Function],
  "getAllByRole": [Function],
  "getAllByTestId": [Function],
  "getAllByText": [Function],
  "getAllByTitle": [Function],
  "getByAltText": [Function],
  "getByDisplayValue": [Function],
  "getByLabelText": [Function],
  "getByPlaceholderText": [Function],
  "getByRole": [Function],
  "getByTestId": [Function],
  "getByText": [Function],
  "getByTitle": [Function],
  "queryAllByAltText": [Function],
  "queryAllByDisplayValue": [Function],
  "queryAllByLabelText": [Function],
  "queryAllByPlaceholderText": [Function],
  "queryAllByRole": [Function],
  "queryAllByTestId": [Function],
  "queryAllByText": [Function],
  "queryAllByTitle": [Function],
  "queryByAltText": [Function],
  "queryByDisplayValue": [Function],
  "queryByLabelText": [Function],
  "queryByPlaceholderText": [Function],
  "queryByRole": [Function],
  "queryByTestId": [Function],
  "queryByText": [Function],
  "queryByTitle": [Function],
  "rerender": [Function],
  "unmount": [Function],
}
`;
